###############################################################################
#
# IAR ELF Linker V8.32.2.178/W32 for ARM                  20/Feb/2026  18:18:10
# Copyright 2007-2018 IAR Systems AB.
#
#    Output file  =  D:\work\test5\gd32f303_project\Debug\Exe\gd32f303.out
#    Map file     =  D:\work\test5\gd32f303_project\Debug\List\gd32f303.map
#    Command line =  
#        -f C:\Users\52206\AppData\Local\Temp\EW4007.tmp
#        (D:\work\test5\gd32f303_project\Debug\Obj\board.o
#        D:\work\test5\gd32f303_project\Debug\Obj\clock.o
#        D:\work\test5\gd32f303_project\Debug\Obj\components.o
#        D:\work\test5\gd32f303_project\Debug\Obj\context_iar.o
#        D:\work\test5\gd32f303_project\Debug\Obj\cpu.o
#        D:\work\test5\gd32f303_project\Debug\Obj\cpuport.o
#        D:\work\test5\gd32f303_project\Debug\Obj\device.o
#        D:\work\test5\gd32f303_project\Debug\Obj\gd32f30x_adc.o
#        D:\work\test5\gd32f303_project\Debug\Obj\gd32f30x_bkp.o
#        D:\work\test5\gd32f303_project\Debug\Obj\gd32f30x_can.o
#        D:\work\test5\gd32f303_project\Debug\Obj\gd32f30x_crc.o
#        D:\work\test5\gd32f303_project\Debug\Obj\gd32f30x_ctc.o
#        D:\work\test5\gd32f303_project\Debug\Obj\gd32f30x_dac.o
#        D:\work\test5\gd32f303_project\Debug\Obj\gd32f30x_dbg.o
#        D:\work\test5\gd32f303_project\Debug\Obj\gd32f30x_dma.o
#        D:\work\test5\gd32f303_project\Debug\Obj\gd32f30x_enet.o
#        D:\work\test5\gd32f303_project\Debug\Obj\gd32f30x_exmc.o
#        D:\work\test5\gd32f303_project\Debug\Obj\gd32f30x_exti.o
#        D:\work\test5\gd32f303_project\Debug\Obj\gd32f30x_fmc.o
#        D:\work\test5\gd32f303_project\Debug\Obj\gd32f30x_fwdgt.o
#        D:\work\test5\gd32f303_project\Debug\Obj\gd32f30x_gpio.o
#        D:\work\test5\gd32f303_project\Debug\Obj\gd32f30x_i2c.o
#        D:\work\test5\gd32f303_project\Debug\Obj\gd32f30x_misc.o
#        D:\work\test5\gd32f303_project\Debug\Obj\gd32f30x_pmu.o
#        D:\work\test5\gd32f303_project\Debug\Obj\gd32f30x_rcu.o
#        D:\work\test5\gd32f303_project\Debug\Obj\gd32f30x_rtc.o
#        D:\work\test5\gd32f303_project\Debug\Obj\gd32f30x_sdio.o
#        D:\work\test5\gd32f303_project\Debug\Obj\gd32f30x_spi.o
#        D:\work\test5\gd32f303_project\Debug\Obj\gd32f30x_timer.o
#        D:\work\test5\gd32f303_project\Debug\Obj\gd32f30x_usart.o
#        D:\work\test5\gd32f303_project\Debug\Obj\gd32f30x_wwdgt.o
#        D:\work\test5\gd32f303_project\Debug\Obj\idle.o
#        D:\work\test5\gd32f303_project\Debug\Obj\init.o
#        D:\work\test5\gd32f303_project\Debug\Obj\ipc.o
#        D:\work\test5\gd32f303_project\Debug\Obj\irq.o
#        D:\work\test5\gd32f303_project\Debug\Obj\job.o
#        D:\work\test5\gd32f303_project\Debug\Obj\json.o
#        D:\work\test5\gd32f303_project\Debug\Obj\kservice.o
#        D:\work\test5\gd32f303_project\Debug\Obj\main.o
#        D:\work\test5\gd32f303_project\Debug\Obj\main_task.o
#        D:\work\test5\gd32f303_project\Debug\Obj\mem.o
#        D:\work\test5\gd32f303_project\Debug\Obj\memheap.o
#        D:\work\test5\gd32f303_project\Debug\Obj\mempool.o
#        D:\work\test5\gd32f303_project\Debug\Obj\myport.o
#        D:\work\test5\gd32f303_project\Debug\Obj\object.o
#        D:\work\test5\gd32f303_project\Debug\Obj\scheduler.o
#        D:\work\test5\gd32f303_project\Debug\Obj\signal.o
#        D:\work\test5\gd32f303_project\Debug\Obj\singlefsm.o
#        D:\work\test5\gd32f303_project\Debug\Obj\slab.o
#        D:\work\test5\gd32f303_project\Debug\Obj\startup_gd32f30x_cl.o
#        D:\work\test5\gd32f303_project\Debug\Obj\sync_event.o
#        D:\work\test5\gd32f303_project\Debug\Obj\system_gd32f30x.o
#        D:\work\test5\gd32f303_project\Debug\Obj\task_base.o
#        D:\work\test5\gd32f303_project\Debug\Obj\thread.o
#        D:\work\test5\gd32f303_project\Debug\Obj\timer.o --no_out_extension -o
#        D:\work\test5\gd32f303_project\Debug\Exe\gd32f303.out --map
#        D:\work\test5\gd32f303_project\Debug\List\gd32f303.map --config
#        "C:\Program Files (x86)\IAR Systems\Embedded Workbench
#        8.2\arm\config\linker\GD\GD32F303xC.icf" --semihosting --entry
#        __iar_program_start --vfe --text_out locale)
#
###############################################################################

*******************************************************************************
*** RUNTIME MODEL ATTRIBUTES
***

CppFlavor       = *
__SystemLibrary = DLib
__dlib_version  = 6


*******************************************************************************
*** HEAP SELECTION
***

The basic heap was selected because no calls to memory allocation
functions were found in the application outside of system library
functions, and there are calls to deallocation functions in the
application.


*******************************************************************************
*** PLACEMENT SUMMARY
***

"A0":  place at 0x800'0000 { ro section .intvec };
"P1":  place in [from 0x800'0000 to 0x803'ffff] { ro };
define block CSTACK with size = 8K, alignment = 8 { };
define block HEAP with size = 8K, alignment = 8 { };
"P2":  place in [from 0x2000'0000 to 0x2000'bfff] {
          rw, block CSTACK, block HEAP };
initialize by copy { rw };

  Section            Kind         Address    Size  Object
  -------            ----         -------    ----  ------
"A0":                                       0x150
  .intvec            ro code   0x800'0000   0x150  startup_gd32f30x_cl.o [1]
                             - 0x800'0150   0x150

"P1":                                      0x4138
  .text              ro code   0x800'0150   0x7d0  ipc.o [1]
  .text              ro code   0x800'0920   0x408  thread.o [1]
  .text              ro code   0x800'0d28   0x1d8  object.o [1]
  .text              ro code   0x800'0f00   0x148  context_iar.o [1]
  .text              ro code   0x800'1048   0x53c  timer.o [1]
  .text              ro code   0x800'1584   0x33c  scheduler.o [1]
  .text              ro code   0x800'18c0    0x38  kservice.o [1]
  .text              ro code   0x800'18f8    0x64  clock.o [1]
  .text              ro code   0x800'195c    0x3e  kservice.o [1]
  .text              ro code   0x800'199a    0x7a  lz77_init_single.o [4]
  .text              ro code   0x800'1a14   0x128  idle.o [1]
  .text              ro code   0x800'1b3c   0x312  kservice.o [1]
  .text              ro code   0x800'1e4e    0x3a  zero_init3.o [4]
  .text              ro code   0x800'1e88   0x368  cpuport.o [1]
  .text              ro code   0x800'21f0    0x70  strncpy.o [4]
  .text              ro code   0x800'2260    0x30  kservice.o [1]
  .text              ro code   0x800'2290    0x28  strncmp.o [2]
  .text              ro code   0x800'22b8    0x48  kservice.o [1]
  .text              ro code   0x800'2300   0x274  memheap.o [1]
  .text              ro code   0x800'2574    0x6c  irq.o [1]
  .text              ro code   0x800'25e0   0x318  kservice.o [1]
  .text              ro code   0x800'28f8   0x11a  device.o [1]
  .rodata            const     0x800'2a12     0x2  cpuport.o [1]
  .text              ro code   0x800'2a14    0x5e  ABImemset.o [4]
  .text              ro code   0x800'2a74   0x288  board.o [1]
  .text              ro code   0x800'2cfc   0x1f0  gd32f30x_usart.o [1]
  .text              ro code   0x800'2eec   0x1d0  gd32f30x_rcu.o [1]
  .text              ro code   0x800'30bc    0xe4  gd32f30x_gpio.o [1]
  .text              ro code   0x800'31a0    0x28  kservice.o [1]
  .text              ro code   0x800'31c8    0x86  ABImemcpy.o [4]
  .text              ro code   0x800'3250   0x2c4  task_base.o [1]
  .text              ro code   0x800'3514    0x44  sync_event.o [1]
  .text              ro code   0x800'3558    0x12  strcmp.o [4]
  .text              ro code   0x800'356c   0x138  system_gd32f30x.o [1]
  .text              ro code   0x800'36a4   0x12a  job.o [1]
  .text              ro code   0x800'37d0   0x110  main_task.o [1]
  .rodata            const     0x800'38e0   0x100  kservice.o [1]
  .text              ro code   0x800'39e0    0x90  init.o [1]
  .rodata            const     0x800'3a70    0x38  scheduler.o [1]
  .text              ro code   0x800'3aa8    0x30  main.o [1]
  .rodata            const     0x800'3ad8    0x2c  kservice.o [1]
  .text              ro code   0x800'3b04    0x28  data_init.o [4]
  .rodata            const     0x800'3b2c    0x24  kservice.o [1]
  .rodata            const     0x800'3b50    0x24  kservice.o [1]
  .text              ro code   0x800'3b74    0x22  fpinit_M.o [3]
  .iar.init_table    const     0x800'3b98    0x20  - Linker created -
  .rodata            const     0x800'3bb8    0x20  cpuport.o [1]
  .rodata            const     0x800'3bd8    0x20  job.o [1]
  .rodata            const     0x800'3bf8    0x20  main_task.o [1]
  .text              ro code   0x800'3c18    0x1e  cmain.o [4]
  .text              ro code   0x800'3c36     0x4  low_level_init.o [2]
  .text              ro code   0x800'3c3a     0x4  exit.o [2]
  .text              ro code   0x800'3c40     0xa  cexit.o [4]
  .text              ro code   0x800'3c4c    0x14  exit.o [5]
  .rodata            const     0x800'3c60    0x1c  cpuport.o [1]
  .rodata            const     0x800'3c7c    0x1c  main_task.o [1]
  .rodata            const     0x800'3c98    0x1c  scheduler.o [1]
  .rodata            const     0x800'3cb4    0x18  cpuport.o [1]
  .rodata            const     0x800'3ccc    0x18  cpuport.o [1]
  .rodata            const     0x800'3ce4    0x18  cpuport.o [1]
  .rodata            const     0x800'3cfc    0x18  cpuport.o [1]
  .rodata            const     0x800'3d14    0x18  main_task.o [1]
  .rodata            const     0x800'3d2c    0x18  main_task.o [1]
  .rodata            const     0x800'3d44    0x18  task_base.o [1]
  .rodata            const     0x800'3d5c    0x14  board.o [1]
  .rodata            const     0x800'3d70    0x14  cpuport.o [1]
  .rodata            const     0x800'3d84    0x14  kservice.o [1]
  .rodata            const     0x800'3d98    0x14  kservice.o [1]
  .rodata.name       const     0x800'3dac    0x14  main_task.o [1]
  .rodata            const     0x800'3dc0    0x10  cpuport.o [1]
  .rodata            const     0x800'3dd0    0x10  cpuport.o [1]
  .rodata            const     0x800'3de0    0x10  cpuport.o [1]
  .rodata            const     0x800'3df0    0x10  cpuport.o [1]
  .rodata            const     0x800'3e00    0x10  cpuport.o [1]
  .rodata            const     0x800'3e10    0x10  cpuport.o [1]
  .rodata            const     0x800'3e20    0x10  cpuport.o [1]
  .rodata            const     0x800'3e30    0x10  cpuport.o [1]
  .rodata            const     0x800'3e40    0x10  cpuport.o [1]
  .rodata            const     0x800'3e50    0x10  cpuport.o [1]
  .rodata            const     0x800'3e60    0x10  cpuport.o [1]
  .rodata            const     0x800'3e70    0x10  cpuport.o [1]
  .rodata            const     0x800'3e80    0x10  cpuport.o [1]
  .rodata            const     0x800'3e90    0x10  cpuport.o [1]
  .rodata            const     0x800'3ea0    0x10  cpuport.o [1]
  .rodata            const     0x800'3eb0    0x10  cpuport.o [1]
  .rodata            const     0x800'3ec0    0x10  cpuport.o [1]
  .rodata            const     0x800'3ed0    0x10  cpuport.o [1]
  .rodata            const     0x800'3ee0    0x10  cpuport.o [1]
  .rodata            const     0x800'3ef0    0x10  cpuport.o [1]
  .rodata            const     0x800'3f00    0x10  cpuport.o [1]
  .rodata            const     0x800'3f10    0x10  cpuport.o [1]
  .rodata            const     0x800'3f20    0x10  gd32f30x_rcu.o [1]
  .rodata            const     0x800'3f30    0x10  main_task.o [1]
  .text              ro code   0x800'3f40    0x10  startup_gd32f30x_cl.o [1]
  .rodata            const     0x800'3f50     0xc  cpuport.o [1]
  .rodata            const     0x800'3f5c     0xc  cpuport.o [1]
  .rodata            const     0x800'3f68     0xc  cpuport.o [1]
  .rodata            const     0x800'3f74     0xc  cpuport.o [1]
  .rodata            const     0x800'3f80     0xc  cpuport.o [1]
  .rodata            const     0x800'3f8c     0xc  cpuport.o [1]
  .rodata            const     0x800'3f98     0xc  cpuport.o [1]
  .rodata            const     0x800'3fa4     0xc  cpuport.o [1]
  .rodata            const     0x800'3fb0     0xc  cpuport.o [1]
  .rodata            const     0x800'3fbc     0xc  cpuport.o [1]
  .rodata            const     0x800'3fc8     0xc  cpuport.o [1]
  .rodata            const     0x800'3fd4     0xc  cpuport.o [1]
  .rodata            const     0x800'3fe0     0xc  kservice.o [1]
  .rodata            const     0x800'3fec     0xc  kservice.o [1]
  .rodata            const     0x800'3ff8     0xc  kservice.o [1]
  .text              ro code   0x800'4004     0xc  cstartup_M.o [4]
  FSymTab            const     0x800'4010     0xc  main_task.o [1]
  .rodata            const     0x800'401c     0x8  board.o [1]
  .rodata            const     0x800'4024     0x8  cpuport.o [1]
  .rodata            const     0x800'402c     0x8  cpuport.o [1]
  .rodata            const     0x800'4034     0x8  cpuport.o [1]
  .rodata            const     0x800'403c     0x8  gd32f30x_rcu.o [1]
  .rodata            const     0x800'4044     0x8  gd32f30x_rcu.o [1]
  .rodata            const     0x800'404c     0x8  idle.o [1]
  .rodata            const     0x800'4054     0x8  kservice.o [1]
  .rodata            const     0x800'405c     0x8  kservice.o [1]
  .rodata            const     0x800'4064     0x8  main_task.o [1]
  .rodata            const     0x800'406c     0x8  task_base.o [1]
  .rodata            const     0x800'4074     0x8  timer.o [1]
  .rodata.name       const     0x800'407c     0x8  main_task.o [1]
  .mp_fn.0           const     0x800'4084     0x4  init.o [1]
  .mp_fn.0.end       const     0x800'4088     0x4  init.o [1]
  .mp_fn.1.end       const     0x800'408c     0x4  init.o [1]
  .mp_fn.2.end       const     0x800'4090     0x4  init.o [1]
  .mp_fn.3           const     0x800'4094     0x4  main_task.o [1]
  .mp_fn.3.end       const     0x800'4098     0x4  init.o [1]
  .mp_fn.4.end       const     0x800'409c     0x4  init.o [1]
  .mp_fn.7           const     0x800'40a0     0x4  init.o [1]
  .rodata            const     0x800'40a4     0x4  job.o [1]
  .text              ro code   0x800'40a8     0x4  startup_gd32f30x_cl.o [1]
  .text              ro code   0x800'40ac     0x4  startup_gd32f30x_cl.o [1]
  .text              ro code   0x800'40b0     0x4  startup_gd32f30x_cl.o [1]
  .text              ro code   0x800'40b4     0x4  startup_gd32f30x_cl.o [1]
  .text              ro code   0x800'40b8     0x4  startup_gd32f30x_cl.o [1]
  .text              ro code   0x800'40bc     0x4  startup_gd32f30x_cl.o [1]
  .text              ro code   0x800'40c0     0x4  startup_gd32f30x_cl.o [1]
  .text              ro code   0x800'40c4     0x4  startup_gd32f30x_cl.o [1]
  .text              ro code   0x800'40c8     0x4  startup_gd32f30x_cl.o [1]
  .text              ro code   0x800'40cc     0x4  startup_gd32f30x_cl.o [1]
  .text              ro code   0x800'40d0     0x4  startup_gd32f30x_cl.o [1]
  .text              ro code   0x800'40d4     0x4  startup_gd32f30x_cl.o [1]
  .text              ro code   0x800'40d8     0x4  startup_gd32f30x_cl.o [1]
  .text              ro code   0x800'40dc     0x4  startup_gd32f30x_cl.o [1]
  .text              ro code   0x800'40e0     0x4  startup_gd32f30x_cl.o [1]
  .text              ro code   0x800'40e4     0x4  startup_gd32f30x_cl.o [1]
  .text              ro code   0x800'40e8     0x4  startup_gd32f30x_cl.o [1]
  .text              ro code   0x800'40ec     0x4  startup_gd32f30x_cl.o [1]
  .text              ro code   0x800'40f0     0x4  startup_gd32f30x_cl.o [1]
  .text              ro code   0x800'40f4     0x4  startup_gd32f30x_cl.o [1]
  .text              ro code   0x800'40f8     0x4  startup_gd32f30x_cl.o [1]
  .text              ro code   0x800'40fc     0x4  startup_gd32f30x_cl.o [1]
  .text              ro code   0x800'4100     0x4  startup_gd32f30x_cl.o [1]
  .text              ro code   0x800'4104     0x4  startup_gd32f30x_cl.o [1]
  .text              ro code   0x800'4108     0x4  startup_gd32f30x_cl.o [1]
  .text              ro code   0x800'410c     0x4  startup_gd32f30x_cl.o [1]
  .text              ro code   0x800'4110     0x4  startup_gd32f30x_cl.o [1]
  .text              ro code   0x800'4114     0x4  startup_gd32f30x_cl.o [1]
  .text              ro code   0x800'4118     0x4  startup_gd32f30x_cl.o [1]
  .text              ro code   0x800'411c     0x4  startup_gd32f30x_cl.o [1]
  .text              ro code   0x800'4120     0x4  startup_gd32f30x_cl.o [1]
  .text              ro code   0x800'4124     0x4  startup_gd32f30x_cl.o [1]
  .text              ro code   0x800'4128     0x4  startup_gd32f30x_cl.o [1]
  .text              ro code   0x800'412c     0x4  startup_gd32f30x_cl.o [1]
  .text              ro code   0x800'4130     0x4  startup_gd32f30x_cl.o [1]
  .text              ro code   0x800'4134     0x4  startup_gd32f30x_cl.o [1]
  .text              ro code   0x800'4138     0x4  startup_gd32f30x_cl.o [1]
  .text              ro code   0x800'413c     0x4  startup_gd32f30x_cl.o [1]
  .text              ro code   0x800'4140     0x4  startup_gd32f30x_cl.o [1]
  .text              ro code   0x800'4144     0x4  startup_gd32f30x_cl.o [1]
  .text              ro code   0x800'4148     0x4  startup_gd32f30x_cl.o [1]
  .text              ro code   0x800'414c     0x4  startup_gd32f30x_cl.o [1]
  .text              ro code   0x800'4150     0x4  startup_gd32f30x_cl.o [1]
  .text              ro code   0x800'4154     0x4  startup_gd32f30x_cl.o [1]
  .text              ro code   0x800'4158     0x4  startup_gd32f30x_cl.o [1]
  .text              ro code   0x800'415c     0x4  startup_gd32f30x_cl.o [1]
  .text              ro code   0x800'4160     0x4  startup_gd32f30x_cl.o [1]
  .text              ro code   0x800'4164     0x4  startup_gd32f30x_cl.o [1]
  .text              ro code   0x800'4168     0x4  startup_gd32f30x_cl.o [1]
  .text              ro code   0x800'416c     0x4  startup_gd32f30x_cl.o [1]
  .text              ro code   0x800'4170     0x4  startup_gd32f30x_cl.o [1]
  .text              ro code   0x800'4174     0x4  startup_gd32f30x_cl.o [1]
  .text              ro code   0x800'4178     0x4  startup_gd32f30x_cl.o [1]
  .text              ro code   0x800'417c     0x4  startup_gd32f30x_cl.o [1]
  .text              ro code   0x800'4180     0x4  startup_gd32f30x_cl.o [1]
  .text              ro code   0x800'4184     0x4  startup_gd32f30x_cl.o [1]
  .text              ro code   0x800'4188     0x4  startup_gd32f30x_cl.o [1]
  .text              ro code   0x800'418c     0x4  startup_gd32f30x_cl.o [1]
  .text              ro code   0x800'4190     0x4  startup_gd32f30x_cl.o [1]
  .text              ro code   0x800'4194     0x4  startup_gd32f30x_cl.o [1]
  .text              ro code   0x800'4198     0x4  startup_gd32f30x_cl.o [1]
  .text              ro code   0x800'419c     0x4  startup_gd32f30x_cl.o [1]
  .text              ro code   0x800'41a0     0x4  startup_gd32f30x_cl.o [1]
  .text              ro code   0x800'41a4     0x4  startup_gd32f30x_cl.o [1]
  .text              ro code   0x800'41a8     0x4  startup_gd32f30x_cl.o [1]
  .text              ro code   0x800'41ac     0x4  startup_gd32f30x_cl.o [1]
  .text              ro code   0x800'41b0     0x4  startup_gd32f30x_cl.o [1]
  .text              ro code   0x800'41b4     0x4  startup_gd32f30x_cl.o [1]
  .text              ro code   0x800'41b8     0x4  startup_gd32f30x_cl.o [1]
  .text              ro code   0x800'41bc     0x4  startup_gd32f30x_cl.o [1]
  .text              ro code   0x800'41c0     0x4  startup_gd32f30x_cl.o [1]
  .text              ro code   0x800'41c4     0x4  startup_gd32f30x_cl.o [1]
  .rodata            const     0x800'41c8     0x0  zero_init3.o [4]
  .rodata            const     0x800'41c8     0x0  lz77_init_single.o [4]
  Initializer bytes  const     0x800'41c8    0xc0  <for P2-1>
                             - 0x800'4288  0x4138

"P2", part 1 of 3:                          0x290
  P2-1                        0x2000'0000   0x290  <Init block>
    .data            inited   0x2000'0000     0x8  idle.o [1]
    .data            inited   0x2000'0008   0x198  main_task.o [1]
    .data            inited   0x2000'01a0    0x30  main_task.o [1]
    .data            inited   0x2000'01d0    0xb0  object.o [1]
    .data            inited   0x2000'0280     0x4  system_gd32f30x.o [1]
    .data            inited   0x2000'0284     0x8  task_base.o [1]
    .data            inited   0x2000'028c     0x2  task_base.o [1]
    .data            inited   0x2000'028e     0x1  job.o [1]
    .data            inited   0x2000'028f     0x1  timer.o [1]
                            - 0x2000'0290   0x290

"P2", part 2 of 3:                          0xc00
  .bss               zero     0x2000'0290   0x400  idle.o [1]
  .bss               zero     0x2000'0690   0x400  timer.o [1]
  .bss               zero     0x2000'0a90   0x100  scheduler.o [1]
  .bss               zero     0x2000'0b90    0x80  idle.o [1]
  .bss               zero     0x2000'0c10    0x80  kservice.o [1]
  .bss               zero     0x2000'0c90    0x80  timer.o [1]
  .bss               zero     0x2000'0d10    0x68  kservice.o [1]
  .bss               zero     0x2000'0d78    0x58  board.o [1]
  .bss               zero     0x2000'0dd0    0x24  kservice.o [1]
  .bss               zero     0x2000'0df4    0x10  idle.o [1]
  .bss               zero     0x2000'0e04     0x8  timer.o [1]
  .bss               zero     0x2000'0e0c     0x8  timer.o [1]
  .bss               zero     0x2000'0e14     0x4  clock.o [1]
  .bss               zero     0x2000'0e18     0x4  clock.o [1]
  .bss               zero     0x2000'0e1c     0x4  cpuport.o [1]
  .bss               zero     0x2000'0e20     0x4  cpuport.o [1]
  .bss               zero     0x2000'0e24     0x4  cpuport.o [1]
  .bss               zero     0x2000'0e28     0x4  cpuport.o [1]
  .bss               zero     0x2000'0e2c     0x4  irq.o [1]
  .bss               zero     0x2000'0e30     0x4  irq.o [1]
  .bss               zero     0x2000'0e34     0x4  job.o [1]
  .bss               zero     0x2000'0e38     0x4  kservice.o [1]
  .bss               zero     0x2000'0e3c     0x4  kservice.o [1]
  .bss               zero     0x2000'0e40     0x4  kservice.o [1]
  .bss               zero     0x2000'0e44     0x4  kservice.o [1]
  .bss               zero     0x2000'0e48     0x4  main_task.o [1]
  .bss               zero     0x2000'0e4c     0x4  object.o [1]
  .bss               zero     0x2000'0e50     0x4  object.o [1]
  .bss               zero     0x2000'0e54     0x4  object.o [1]
  .bss               zero     0x2000'0e58     0x4  object.o [1]
  .bss               zero     0x2000'0e5c     0x4  object.o [1]
  .bss               zero     0x2000'0e60     0x4  scheduler.o [1]
  .bss               zero     0x2000'0e64     0x4  scheduler.o [1]
  .bss               zero     0x2000'0e68     0x4  scheduler.o [1]
  .bss               zero     0x2000'0e6c     0x4  scheduler.o [1]
  .bss               zero     0x2000'0e70     0x4  sync_event.o [1]
  .bss               zero     0x2000'0e74     0x4  thread.o [1]
  .bss               zero     0x2000'0e78     0x4  thread.o [1]
  .bss               zero     0x2000'0e7c     0x4  thread.o [1]
  .bss               zero     0x2000'0e80     0x4  timer.o [1]
  .bss               zero     0x2000'0e84     0x4  timer.o [1]
  .bss               zero     0x2000'0e88     0x4  timer.o [1]
  .bss               zero     0x2000'0e8c     0x2  scheduler.o [1]
  .bss               zero     0x2000'0e8e     0x1  irq.o [1]
  .bss               zero     0x2000'0e8f     0x1  scheduler.o [1]
                            - 0x2000'0e90   0xc00

"P2", part 3 of 3:                         0x2000
  CSTACK                      0x2000'0e90  0x2000  <Block>
    CSTACK           uninit   0x2000'0e90  0x2000  <Block tail>
                            - 0x2000'2e90  0x2000

Unused ranges:

         From           To      Size
         ----           --      ----
   0x800'4288   0x803'ffff  0x3'bd78
  0x2000'2e90  0x2000'bfff    0x9170


*******************************************************************************
*** INIT TABLE
***

          Address      Size
          -------      ----
Zero (__iar_zero_init3)
    1 destination range, total size 0xc00:
          0x2000'0290  0xc00

Copy/lz77 (__iar_lz77_init_single3)
    1 source range, total size 0xc0 (29% of destination):
           0x800'41c8   0xc0
    1 destination range, total size 0x290:
          0x2000'0000  0x290



*******************************************************************************
*** MODULE SUMMARY
***

    Module                 ro code  ro data  rw data
    ------                 -------  -------  -------
command line/config:
    ------------------------------------------------
    Total:

D:\work\test5\gd32f303_project\Debug\Obj: [1]
    board.o                    648       28       88
    clock.o                    100                 8
    context_iar.o              328
    cpuport.o                  872      698       16
    device.o                   282
    gd32f30x_gpio.o            228
    gd32f30x_rcu.o             464       32
    gd32f30x_usart.o           496
    idle.o                     296       10    1 176
    init.o                     144       28
    ipc.o                    2 000
    irq.o                      108                 9
    job.o                      298       36        5
    kservice.o               1 856      464      284
    main.o                      48
    main_task.o                272      309      460
    memheap.o                  628
    object.o                   472       52      196
    scheduler.o                828       84      275
    startup_gd32f30x_cl.o      640
    sync_event.o                68                 4
    system_gd32f30x.o          312        1        4
    task_base.o                708       35       10
    thread.o                 1 032                12
    timer.o                  1 340        9    1 181
    ------------------------------------------------
    Total:                  14 468    1 786    3 728

dl7M_tln.a: [2]
    exit.o                       4
    low_level_init.o             4
    strncmp.o                   40
    ------------------------------------------------
    Total:                      48

m7M_tls.a: [3]
    fpinit_M.o                  34
    ------------------------------------------------
    Total:                      34

rt7M_tl.a: [4]
    ABImemcpy.o                134
    ABImemset.o                 94
    cexit.o                     10
    cmain.o                     30
    cstartup_M.o                12
    data_init.o                 40
    lz77_init_single.o         122
    strcmp.o                    18
    strncpy.o                  112
    zero_init3.o                58
    ------------------------------------------------
    Total:                     630

shb_l.a: [5]
    exit.o                      20
    ------------------------------------------------
    Total:                      20

    Gaps                        12        2
    Linker created                       32    8 192
----------------------------------------------------
    Grand Total:            15 212    1 820   11 920


*******************************************************************************
*** ENTRY LIST
***

Entry                       Address   Size  Type      Object
-----                       -------   ----  ----      ------
.iar.init_table$$Base    0x800'3b98          --   Gb  - Linker created -
.iar.init_table$$Limit   0x800'3bb8          --   Gb  - Linker created -
?main                    0x800'3c19         Code  Gb  cmain.o [4]
CSTACK$$Base            0x2000'0e90          --   Gb  - Linker created -
CSTACK$$Limit           0x2000'2e90         Data  Gb  - Linker created -
HardFault_Handler        0x800'0fe7         Code  Gb  context_iar.o [1]
NVIC_SetPriority         0x800'2a75   0x24  Code  Lc  board.o [1]
PendSV_Handler           0x800'0f2d         Code  Gb  context_iar.o [1]
Region$$Table$$Base      0x800'3b98          --   Gb  - Linker created -
Region$$Table$$Limit     0x800'3bb8          --   Gb  - Linker created -
SysTick_Config           0x800'2a99   0x2e  Code  Lc  board.o [1]
SysTick_Handler          0x800'2bfb   0x10  Code  Gb  board.o [1]
SystemCoreClock         0x2000'0280    0x4  Data  Gb  system_gd32f30x.o [1]
SystemInit               0x800'356d   0x5e  Code  Gb  system_gd32f30x.o [1]
__ICFEDIT_region_RAM_end__ {Abs}
                        0x2000'bfff         Data  Gb  <internal module>
__ICFEDIT_region_RAM_start__ {Abs}
                        0x2000'0000         Data  Gb  <internal module>
__aeabi_memcpy4          0x800'31c9         Code  Gb  ABImemcpy.o [4]
__aeabi_memcpy8          0x800'31c9         Code  Gb  ABImemcpy.o [4]
__cmain                  0x800'3c19         Code  Gb  cmain.o [4]
__exit                   0x800'3c4d   0x14  Code  Gb  exit.o [5]
__fsym_mainapp           0x800'4010    0xc  Data  Gb  main_task.o [1]
__fsym_mainapp_desc      0x800'3dac   0x14  Data  Gb  main_task.o [1]
__fsym_mainapp_name      0x800'407c    0x8  Data  Gb  main_task.o [1]
__iar_Memset_word        0x800'2a15         Code  Gb  ABImemset.o [4]
__iar_data_init3         0x800'3b05   0x28  Code  Gb  data_init.o [4]
__iar_init_vfp           0x800'3b75         Code  Gb  fpinit_M.o [3]
__iar_lz77_init_single3
                         0x800'199b   0x7a  Code  Gb  lz77_init_single.o [4]
__iar_program_start      0x800'4005         Code  Gb  cstartup_M.o [4]
__iar_zero_init3         0x800'1e4f   0x3a  Code  Gb  zero_init3.o [4]
__low_level_init         0x800'3c37    0x4  Code  Gb  low_level_init.o [2]
__lowest_bit_bitmap      0x800'38e0  0x100  Data  Gb  kservice.o [1]
__mp_init_bsp_end        0x800'408c    0x4  Data  Gb  init.o [1]
__mp_init_bsp_start      0x800'4088    0x4  Data  Gb  init.o [1]
__mp_init_init_end       0x800'40a0    0x4  Data  Gb  init.o [1]
__mp_init_init_start     0x800'4084    0x4  Data  Gb  init.o [1]
__mp_init_main_task_init
                         0x800'4094    0x4  Data  Gb  main_task.o [1]
__mp_init_module_end     0x800'409c    0x4  Data  Gb  init.o [1]
__mp_init_system_end     0x800'4090    0x4  Data  Gb  init.o [1]
__mp_init_task_end       0x800'4098    0x4  Data  Gb  init.o [1]
__rt_errno              0x2000'0e38    0x4  Data  Lc  kservice.o [1]
__rt_ffs                 0x800'1dbd   0x46  Code  Gb  kservice.o [1]
__vector_table           0x800'0000         Data  Gb  startup_gd32f30x_cl.o [1]
_call_main               0x800'3c25         Code  Gb  cmain.o [4]
_console_device         0x2000'0e3c    0x4  Data  Lc  kservice.o [1]
_exit                    0x800'3c41         Code  Gb  cexit.o [4]
_heap_lock               0x800'1d91   0x1a  Code  Lc  kservice.o [1]
_heap_lock_init          0x800'1d83    0xe  Code  Lc  kservice.o [1]
_heap_unlock             0x800'1dab   0x12  Code  Lc  kservice.o [1]
_ipc_list_resume         0x800'01e1    0xe  Code  Lc  ipc.o [1]
_ipc_list_suspend        0x800'0183   0x5e  Code  Lc  ipc.o [1]
_ipc_object_init         0x800'0177    0xc  Code  Lc  ipc.o [1]
_lock                   0x2000'0dd0   0x24  Data  Lc  kservice.o [1]
_main                    0x800'3c33         Code  Gb  cmain.o [4]
_memheap_alloc           0x800'2565    0x8  Code  Gb  memheap.o [1]
_memheap_free            0x800'256d    0x8  Code  Gb  memheap.o [1]
_object_container       0x2000'01d0   0xb0  Data  Lc  object.o [1]
_rt_thread_defunct      0x2000'0000    0x8  Data  Lc  idle.o [1]
_scheduler_get_highest_priority_thread
                         0x800'160f   0x1c  Code  Lc  scheduler.o [1]
_scheduler_stack_check   0x800'15cd   0x42  Code  Lc  scheduler.o [1]
_soft_timer_list        0x2000'0e0c    0x8  Data  Lc  timer.o [1]
_soft_timer_status      0x2000'028f    0x1  Data  Lc  timer.o [1]
_thread_exit             0x800'093d   0x34  Code  Lc  thread.o [1]
_thread_init             0x800'099b   0xa2  Code  Lc  thread.o [1]
_thread_timeout          0x800'0971   0x2a  Code  Lc  thread.o [1]
_timer_init              0x800'1083   0x30  Code  Lc  timer.o [1]
_timer_list             0x2000'0e04    0x8  Data  Lc  timer.o [1]
_timer_list_next_timeout
                         0x800'10b3   0x34  Code  Lc  timer.o [1]
_timer_remove            0x800'10e7   0x1a  Code  Lc  timer.o [1]
_timer_thread           0x2000'0c90   0x80  Data  Lc  timer.o [1]
_timer_thread_entry      0x800'14bf   0x3e  Code  Lc  timer.o [1]
_timer_thread_stack     0x2000'0690  0x400  Data  Lc  timer.o [1]
active_task_list        0x2000'0284    0x8  Data  Lc  task_base.o [1]
add_job_list_to_group    0x800'36a5   0x24  Code  Gb  job.o [1]
bsp_end                  0x800'39e9    0x4  Code  Lc  init.o [1]
bsp_init                 0x800'39fd   0x18  Code  Gb  init.o [1]
bsp_start                0x800'39e5    0x4  Code  Lc  init.o [1]
bus_fault_track          0x800'1f2d   0x68  Code  Lc  cpuport.o [1]
cur_max_job_id          0x2000'028e    0x1  Data  Gb  job.o [1]
cur_max_task_id         0x2000'028c    0x2  Data  Gb  task_base.o [1]
divide                   0x800'1b8f   0x2c  Code  Lc  kservice.o [1]
event_list              0x2000'0e70    0x4  Data  Lc  sync_event.o [1]
event_table             0x2000'01a0   0x30  Data  Lc  main_task.o [1]
execute_event            0x800'3515   0x40  Code  Gb  sync_event.o [1]
exit                     0x800'3c3b    0x4  Code  Gb  exit.o [2]
get_task_by_name         0x800'3371   0x2c  Code  Gb  task_base.o [1]
gpio_bit_reset           0x800'319b    0x6  Code  Gb  gd32f30x_gpio.o [1]
gpio_init                0x800'30bd   0xde  Code  Gb  gd32f30x_gpio.o [1]
gpio_init_config         0x800'2bd5   0x26  Code  Lc  board.o [1]
hard_fault_track         0x800'1ff1   0x4e  Code  Lc  cpuport.o [1]
idle                    0x2000'0b90   0x80  Data  Lc  idle.o [1]
idle_hook_list          0x2000'0df4   0x10  Data  Lc  idle.o [1]
init_end                 0x800'39f9    0x4  Code  Lc  init.o [1]
init_job_list            0x800'36c9   0x60  Code  Gb  job.o [1]
init_start               0x800'39e1    0x4  Code  Lc  init.o [1]
init_task_base           0x800'326f   0x74  Code  Gb  task_base.o [1]
job_group               0x2000'0e34    0x4  Data  Gb  job.o [1]
job_timer_callback       0x800'3769    0xc  Code  Gb  job.o [1]
main                     0x800'3aa9   0x30  Code  Gb  main.o [1]
main_app_task_entry      0x800'37d1   0x32  Code  Lc  main_task.o [1]
main_task               0x2000'0008  0x198  Data  Gb  main_task.o [1]
main_task_init           0x800'3803   0x44  Code  Lc  main_task.o [1]
main_task_jobs_handle    0x800'3857   0x1e  Code  Lc  main_task.o [1]
main_task_normal_init    0x800'3847   0x10  Code  Lc  main_task.o [1]
main_task_reset_system   0x800'3875    0xa  Code  Lc  main_task.o [1]
mainapp                  0x800'387f   0x32  Code  Gb  main_task.o [1]
mem_manage_fault_track   0x800'1f95   0x5c  Code  Lc  cpuport.o [1]
module_end               0x800'39f5    0x4  Code  Lc  init.o [1]
module_init              0x800'3a45   0x18  Code  Gb  init.o [1]
msg_handle               0x800'3433   0xc8  Code  Gb  task_base.o [1]
post_event_to_me         0x800'33ed   0x46  Code  Gb  task_base.o [1]
print_number             0x800'1bdd  0x146  Code  Lc  kservice.o [1]
print_number::large_digits
                         0x800'3d98   0x14  Data  Lc  kservice.o [1]
print_number::small_digits
                         0x800'3d84   0x14  Data  Lc  kservice.o [1]
rcu_clock_freq_get       0x800'2f5f  0x134  Code  Gb  gd32f30x_rcu.o [1]
rcu_periph_clock_enable
                         0x800'2eed   0x26  Code  Gb  gd32f30x_rcu.o [1]
rcu_periph_reset_disable
                         0x800'2f39   0x26  Code  Gb  gd32f30x_rcu.o [1]
rcu_periph_reset_enable
                         0x800'2f13   0x26  Code  Gb  gd32f30x_rcu.o [1]
register_event_table     0x800'3353   0x1e  Code  Gb  task_base.o [1]
register_task            0x800'32e3   0x5a  Code  Gb  task_base.o [1]
rt_console_set_device    0x800'1d51   0x32  Code  Gb  kservice.o [1]
rt_current_priority     0x2000'0e8f    0x1  Data  Gb  scheduler.o [1]
rt_current_thread       0x2000'0e64    0x4  Data  Gb  scheduler.o [1]
rt_defunct_execute       0x800'1a6f   0x3e  Code  Lc  idle.o [1]
rt_device_close          0x800'29a9   0x3e  Code  Gb  device.o [1]
rt_device_find           0x800'2933    0xa  Code  Gb  device.o [1]
rt_device_open           0x800'293d   0x6c  Code  Gb  device.o [1]
rt_device_register       0x800'28f9   0x3a  Code  Gb  device.o [1]
rt_device_write          0x800'29e7   0x2c  Code  Gb  device.o [1]
rt_enter_critical        0x800'1853   0x14  Code  Gb  scheduler.o [1]
rt_exception_hook       0x2000'0e28    0x4  Data  Lc  cpuport.o [1]
rt_exit_critical         0x800'1867   0x32  Code  Gb  scheduler.o [1]
rt_free                  0x800'2261   0x30  Code  Wk  kservice.o [1]
rt_free_hook            0x2000'0e44    0x4  Data  Lc  kservice.o [1]
rt_hw_board_init         0x800'2c0b   0x2e  Code  Gb  board.o [1]
rt_hw_console_output     0x800'2c7d   0x42  Code  Gb  board.o [1]
rt_hw_context_switch     0x800'0f0f         Code  Gb  context_iar.o [1]
rt_hw_context_switch_interrupt
                         0x800'0f0f         Code  Gb  context_iar.o [1]
rt_hw_context_switch_to
                         0x800'0f99         Code  Gb  context_iar.o [1]
rt_hw_hard_fault_exception
                         0x800'203f   0xda  Code  Gb  cpuport.o [1]
rt_hw_interrupt_disable
                         0x800'0f01         Code  Gb  context_iar.o [1]
rt_hw_interrupt_enable   0x800'0f09         Code  Gb  context_iar.o [1]
rt_hw_interrupt_thread_switch
                         0x800'0fe5         Code  Gb  context_iar.o [1]
rt_hw_serial_register    0x800'2c73    0xa  Code  Gb  board.o [1]
rt_hw_stack_init         0x800'1e89   0x42  Code  Gb  cpuport.o [1]
rt_hw_uart_init          0x800'2c39   0x3a  Code  Gb  board.o [1]
rt_interrupt_enter       0x800'2575   0x24  Code  Gb  irq.o [1]
rt_interrupt_enter_hook
                        0x2000'0e2c    0x4  Data  Lc  irq.o [1]
rt_interrupt_from_thread
                        0x2000'0e1c    0x4  Data  Gb  cpuport.o [1]
rt_interrupt_get_nest    0x800'25c9   0x18  Code  Wk  irq.o [1]
rt_interrupt_leave       0x800'2599   0x24  Code  Gb  irq.o [1]
rt_interrupt_leave_hook
                        0x2000'0e30    0x4  Data  Lc  irq.o [1]
rt_interrupt_nest       0x2000'0e8e    0x1  Data  Gb  irq.o [1]
rt_interrupt_to_thread  0x2000'0e20    0x4  Data  Gb  cpuport.o [1]
rt_kprintf               0x800'22b9   0x48  Code  Wk  kservice.o [1]
rt_kprintf::rt_log_buf  0x2000'0c10   0x80  Data  Lc  kservice.o [1]
rt_list_init             0x800'0151    0x8  Code  Lc  ipc.o [1]
rt_list_init             0x800'1585    0x8  Code  Lc  scheduler.o [1]
rt_list_init             0x800'0921    0x8  Code  Lc  thread.o [1]
rt_list_init             0x800'1049    0x8  Code  Lc  timer.o [1]
rt_list_insert_after     0x800'1a15    0xe  Code  Lc  idle.o [1]
rt_list_insert_after     0x800'0d29    0xe  Code  Lc  object.o [1]
rt_list_insert_after     0x800'158d    0xe  Code  Lc  scheduler.o [1]
rt_list_insert_after     0x800'3251    0xe  Code  Lc  task_base.o [1]
rt_list_insert_after     0x800'1051    0xe  Code  Lc  timer.o [1]
rt_list_insert_before    0x800'0159    0xe  Code  Lc  ipc.o [1]
rt_list_insert_before    0x800'159b    0xe  Code  Lc  scheduler.o [1]
rt_list_isempty          0x800'0167   0x10  Code  Lc  ipc.o [1]
rt_list_isempty          0x800'15bd   0x10  Code  Lc  scheduler.o [1]
rt_list_isempty          0x800'1073   0x10  Code  Lc  timer.o [1]
rt_list_remove           0x800'1a23   0x14  Code  Lc  idle.o [1]
rt_list_remove           0x800'0d37   0x14  Code  Lc  object.o [1]
rt_list_remove           0x800'15a9   0x14  Code  Lc  scheduler.o [1]
rt_list_remove           0x800'0929   0x14  Code  Lc  thread.o [1]
rt_list_remove           0x800'105f   0x14  Code  Lc  timer.o [1]
rt_malloc                0x800'18c1   0x38  Code  Wk  kservice.o [1]
rt_malloc_hook          0x2000'0e40    0x4  Data  Lc  kservice.o [1]
rt_memcpy                0x800'195d   0x3e  Code  Wk  kservice.o [1]
rt_memheap_alloc         0x800'23a5  0x116  Code  Gb  memheap.o [1]
rt_memheap_free          0x800'24bb   0xa2  Code  Gb  memheap.o [1]
rt_memheap_init          0x800'2301   0xa4  Code  Gb  memheap.o [1]
rt_memset                0x800'1e39   0x16  Code  Wk  kservice.o [1]
rt_mq_create             0x800'0531   0x86  Code  Gb  ipc.o [1]
rt_mq_recv               0x800'07c5  0x152  Code  Gb  ipc.o [1]
rt_mq_send               0x800'0711    0xa  Code  Gb  ipc.o [1]
rt_mq_send_wait          0x800'05b7  0x150  Code  Gb  ipc.o [1]
rt_mq_urgent             0x800'071b   0xa4  Code  Gb  ipc.o [1]
rt_mutex_create          0x800'0333   0x32  Code  Gb  ipc.o [1]
rt_mutex_init            0x800'0307   0x2c  Code  Gb  ipc.o [1]
rt_mutex_release         0x800'0461   0xd0  Code  Gb  ipc.o [1]
rt_mutex_take            0x800'0365   0xfc  Code  Gb  ipc.o [1]
rt_object_allocate       0x800'0dff   0x62  Code  Gb  object.o [1]
rt_object_attach_hook   0x2000'0e4c    0x4  Data  Lc  object.o [1]
rt_object_delete         0x800'0e61   0x32  Code  Gb  object.o [1]
rt_object_detach         0x800'0dd3   0x2c  Code  Gb  object.o [1]
rt_object_detach_hook   0x2000'0e50    0x4  Data  Lc  object.o [1]
rt_object_find           0x800'0eaf   0x52  Code  Gb  object.o [1]
rt_object_get_information
                         0x800'0d4b   0x26  Code  Gb  object.o [1]
rt_object_init           0x800'0d71   0x62  Code  Gb  object.o [1]
rt_object_is_systemobject
                         0x800'0ea1    0xe  Code  Gb  object.o [1]
rt_object_put_hook      0x2000'0e5c    0x4  Data  Gb  object.o [1]
rt_object_take_hook     0x2000'0e58    0x4  Data  Gb  object.o [1]
rt_object_trytake_hook  0x2000'0e54    0x4  Data  Gb  object.o [1]
rt_schedule              0x800'1673  0x136  Code  Gb  scheduler.o [1]
rt_schedule_insert_thread
                         0x800'17a9   0x74  Code  Gb  scheduler.o [1]
rt_schedule_remove_thread
                         0x800'181d   0x36  Code  Gb  scheduler.o [1]
rt_scheduler_hook       0x2000'0e68    0x4  Data  Lc  scheduler.o [1]
rt_scheduler_lock_nest  0x2000'0e8c    0x2  Data  Lc  scheduler.o [1]
rt_scheduler_switch_hook
                        0x2000'0e6c    0x4  Data  Lc  scheduler.o [1]
rt_sem_init              0x800'01ef   0x20  Code  Gb  ipc.o [1]
rt_sem_release           0x800'02a5   0x62  Code  Gb  ipc.o [1]
rt_sem_take              0x800'020f   0x96  Code  Gb  ipc.o [1]
rt_set_errno             0x800'1b3d   0x28  Code  Gb  kservice.o [1]
rt_show_version          0x800'1b65   0x2a  Code  Gb  kservice.o [1]
rt_snprintf              0x800'1d23    0xe  Code  Gb  kservice.o [1]
rt_soft_timer_check      0x800'1403   0xbc  Code  Gb  timer.o [1]
rt_sprintf               0x800'1d41   0x10  Code  Gb  kservice.o [1]
rt_system_heap_init      0x800'31a1   0x28  Code  Wk  kservice.o [1]
rt_system_scheduler_init
                         0x800'162b   0x24  Code  Gb  scheduler.o [1]
rt_system_scheduler_start
                         0x800'164f   0x24  Code  Gb  scheduler.o [1]
rt_system_timer_init     0x800'14fd   0x18  Code  Gb  timer.o [1]
rt_system_timer_thread_init
                         0x800'1515   0x3e  Code  Gb  timer.o [1]
rt_thread_control        0x800'0be5   0x8a  Code  Gb  thread.o [1]
rt_thread_create         0x800'0af9   0x56  Code  Gb  thread.o [1]
rt_thread_defunct_dequeue
                         0x800'1a45   0x2a  Code  Gb  idle.o [1]
rt_thread_defunct_enqueue
                         0x800'1a37    0xe  Code  Gb  idle.o [1]
rt_thread_delay          0x800'0bdd    0x8  Code  Gb  thread.o [1]
rt_thread_delete         0x800'0b4f   0x48  Code  Gb  thread.o [1]
rt_thread_detach         0x800'0ab1   0x48  Code  Gb  thread.o [1]
rt_thread_idle_entry     0x800'1aad   0x20  Code  Lc  idle.o [1]
rt_thread_idle_init      0x800'1acd   0x58  Code  Gb  idle.o [1]
rt_thread_init           0x800'0a3d   0x48  Code  Gb  thread.o [1]
rt_thread_inited_hook   0x2000'0e7c    0x4  Data  Lc  thread.o [1]
rt_thread_priority_table
                        0x2000'0a90  0x100  Data  Gb  scheduler.o [1]
rt_thread_ready_priority_group
                        0x2000'0e60    0x4  Data  Gb  scheduler.o [1]
rt_thread_resume         0x800'0cc5   0x4a  Code  Gb  thread.o [1]
rt_thread_resume_hook   0x2000'0e78    0x4  Data  Lc  thread.o [1]
rt_thread_self           0x800'0a85    0x6  Code  Gb  thread.o [1]
rt_thread_sleep          0x800'0b97   0x46  Code  Gb  thread.o [1]
rt_thread_stack         0x2000'0290  0x400  Data  Lc  idle.o [1]
rt_thread_startup        0x800'0a8b   0x26  Code  Gb  thread.o [1]
rt_thread_suspend        0x800'0c6f   0x56  Code  Gb  thread.o [1]
rt_thread_suspend_hook  0x2000'0e74    0x4  Data  Lc  thread.o [1]
rt_thread_switch_interrupt_flag
                        0x2000'0e24    0x4  Data  Gb  cpuport.o [1]
rt_tick                 0x2000'0e14    0x4  Data  Lc  clock.o [1]
rt_tick_get              0x800'18f9    0x6  Code  Gb  clock.o [1]
rt_tick_hook            0x2000'0e18    0x4  Data  Lc  clock.o [1]
rt_tick_increase         0x800'18ff   0x54  Code  Gb  clock.o [1]
rt_timer_check           0x800'1355   0xae  Code  Gb  timer.o [1]
rt_timer_control         0x800'12f3   0x62  Code  Gb  timer.o [1]
rt_timer_create          0x800'1157   0x30  Code  Gb  timer.o [1]
rt_timer_detach          0x800'112f   0x28  Code  Gb  timer.o [1]
rt_timer_enter_hook     0x2000'0e80    0x4  Data  Lc  timer.o [1]
rt_timer_exit_hook      0x2000'0e84    0x4  Data  Lc  timer.o [1]
rt_timer_init            0x800'1101   0x2e  Code  Gb  timer.o [1]
rt_timer_start           0x800'1187  0x130  Code  Gb  timer.o [1]
rt_timer_start::random_nr
                        0x2000'0e88    0x4  Data  Lc  timer.o [1]
rt_timer_stop            0x800'12b7   0x3c  Code  Gb  timer.o [1]
rt_uart_ops              0x800'3d5c   0x14  Data  Gb  board.o [1]
rt_vsprintf              0x800'1d31   0x10  Code  Gb  kservice.o [1]
run_job                  0x800'3729   0x40  Code  Gb  job.o [1]
send_task_msg            0x800'339d   0x50  Code  Gb  task_base.o [1]
serial0                 0x2000'0d78   0x58  Data  Lc  board.o [1]
skip_atoi                0x800'1bbb   0x22  Code  Lc  kservice.o [1]
start_job                0x800'3775   0x2e  Code  Gb  job.o [1]
start_task               0x800'333d   0x16  Code  Gb  task_base.o [1]
stop_job                 0x800'37b9   0x16  Code  Gb  job.o [1]
strcmp                   0x800'3559         Code  Gb  strcmp.o [4]
strncmp                  0x800'2291   0x28  Code  Gb  strncmp.o [2]
strncpy                  0x800'21f1         Code  Gb  strncpy.o [4]
system_clock_108m_irc8m
                         0x800'35d3   0xa6  Code  Lc  system_gd32f30x.o [1]
system_clock_config      0x800'35cb    0x8  Code  Lc  system_gd32f30x.o [1]
system_end               0x800'39ed    0x4  Code  Lc  init.o [1]
system_heap             0x2000'0d10   0x68  Data  Lc  kservice.o [1]
system_init              0x800'3a15   0x18  Code  Gb  init.o [1]
systick_configuration    0x800'2b2f   0x24  Code  Lc  board.o [1]
task_end                 0x800'39f1    0x4  Code  Lc  init.o [1]
task_init                0x800'3a2d   0x18  Code  Gb  init.o [1]
task_monitor_t           0x800'325f   0x10  Code  Gb  task_base.o [1]
this                    0x2000'0e48    0x4  Data  Lc  main_task.o [1]
uart0_init               0x800'2b53   0x82  Code  Lc  board.o [1]
uart_configure           0x800'2ac7    0x4  Code  Lc  board.o [1]
uart_control             0x800'2acb    0x4  Code  Lc  board.o [1]
uart_dma_transmit        0x800'2b2b    0x4  Code  Lc  board.o [1]
uart_getc                0x800'2b0d   0x1e  Code  Lc  board.o [1]
uart_putc                0x800'2acf   0x3e  Code  Lc  board.o [1]
usage_fault_track        0x800'1ecb   0x62  Code  Lc  cpuport.o [1]
usart_baudrate_set       0x800'2d79   0x72  Code  Gb  gd32f30x_usart.o [1]
usart_data_receive       0x800'2e9d    0xa  Code  Gb  gd32f30x_usart.o [1]
usart_data_transmit      0x800'2e93    0xa  Code  Gb  gd32f30x_usart.o [1]
usart_deinit             0x800'2cfd   0x7c  Code  Gb  gd32f30x_usart.o [1]
usart_enable             0x800'2e5b   0x10  Code  Gb  gd32f30x_usart.o [1]
usart_flag_get           0x800'2ecf   0x1e  Code  Gb  gd32f30x_usart.o [1]
usart_hardware_flow_cts_config
                         0x800'2ebb   0x14  Code  Gb  gd32f30x_usart.o [1]
usart_hardware_flow_rts_config
                         0x800'2ea7   0x14  Code  Gb  gd32f30x_usart.o [1]
usart_parity_config      0x800'2e01   0x1e  Code  Gb  gd32f30x_usart.o [1]
usart_receive_config     0x800'2e7f   0x14  Code  Gb  gd32f30x_usart.o [1]
usart_stop_bit_set       0x800'2e3d   0x1e  Code  Gb  gd32f30x_usart.o [1]
usart_transmit_config    0x800'2e6b   0x14  Code  Gb  gd32f30x_usart.o [1]
usart_word_length_set    0x800'2e1f   0x1e  Code  Gb  gd32f30x_usart.o [1]


[1] = D:\work\test5\gd32f303_project\Debug\Obj
[2] = dl7M_tln.a
[3] = m7M_tls.a
[4] = rt7M_tl.a
[5] = shb_l.a

  15 212 bytes of readonly  code memory
   1 820 bytes of readonly  data memory
  11 920 bytes of readwrite data memory

Errors: none
Warnings: none
